**********************
Windows PowerShell transcript start
Start time: 20250421115757
Username: ASCENDION\aviral.anand
RunAs User: ASCENDION\aviral.anand
Configuration Name: 
Machine: ASCINLAP60896 (Microsoft Windows NT 10.0.22631.0)
Host Application: C:\Windows\System32\WindowsPowerShell\v1.0\powershell.exe
Process ID: 28748
PSVersion: 5.1.22621.4391
PSEdition: Desktop
PSCompatibleVersions: 1.0, 2.0, 3.0, 4.0, 5.0, 5.1.22621.4391
BuildVersion: 10.0.22621.4391
CLRVersion: 4.0.30319.42000
WSManStackVersion: 3.0
PSRemotingProtocolVersion: 2.3
SerializationVersion: 1.1.0.1
**********************
Transcript started, output file is Aviral.txt
PS C:\Users\aviral.anand>  New-Item -Path .  -Name ‘QA-Training’ -ItemType Directory


    Directory: C:\Users\aviral.anand


Mode                 LastWriteTime         Length Name
----                 -------------         ------ ----
d-----        21-04-2025     12:04                QA-Training


PS C:\Users\aviral.anand> 3.2. Set-Location QA-Training
At line:1 char:9
+ 3.2. Set-Location QA-Training
+         ~~~~~~~~~
Unexpected token '-Location' in expression or statement.

At line:1 char:19
+ 3.2. Set-Location QA-Training
+                   ~~~~~~~~~~~
Unexpected token 'QA-Training' in expression or statement.
At line:1 char:9
+ 3.2. Set-Location QA-Training
+         ~~~~~~~~~
Unexpected token '-Location' in expression or statement.

At line:1 char:19
+ 3.2. Set-Location QA-Training
+                   ~~~~~~~~~~~
Unexpected token 'QA-Training' in expression or statement.
    + CategoryInfo          : ParserError: (:) [], ParentContainsErrorRecordException
    + FullyQualifiedErrorId : UnexpectedToken

PS C:\Users\aviral.anand>  Set-Location QA-Training
PS C:\Users\aviral.anand\QA-Training> git --version
git : The term 'git' is not recognized as the name of a cmdlet, function, script file, or operable program. Check the 
spelling of the name, or if a path was included, verify that the path is correct and try again.
At line:1 char:1
+ git --version
+ ~~~
    + CategoryInfo          : ObjectNotFound: (git:String) [], CommandNotFoundException
    + FullyQualifiedErrorId : CommandNotFoundException
git : The term 'git' is not recognized as the name of a cmdlet, function, script file, or operable program. Check the
spelling of the name, or if a path was included, verify that the path is correct and try again.
At line:1 char:1
+ git --version
+ ~~~
    + CategoryInfo          : ObjectNotFound: (git:String) [], CommandNotFoundException
    + FullyQualifiedErrorId : CommandNotFoundException

PS C:\Users\aviral.anand\QA-Training> Invoke-WebRequest -Uri https://github.com/git-for-windows/git/releases/download/v2.44.0.windows.1/Git-2.44.0-64-bit.exe -OutFile git-installer.exe
PS C:\Users\aviral.anand\QA-Training> .\git-installer.exe /VERYSILENT /NORESTART
PS C:\Users\aviral.anand\QA-Training> git --version
git : The term 'git' is not recognized as the name of a cmdlet, function, script file, or operable program. Check the 
spelling of the name, or if a path was included, verify that the path is correct and try again.
At line:1 char:1
+ git --version
+ ~~~
    + CategoryInfo          : ObjectNotFound: (git:String) [], CommandNotFoundException
    + FullyQualifiedErrorId : CommandNotFoundException
git : The term 'git' is not recognized as the name of a cmdlet, function, script file, or operable program. Check the spelling of
the name, or if a path was included, verify that the path is correct and try again.
At line:1 char:1
+ git --version
+ ~~~
    + CategoryInfo          : ObjectNotFound: (git:String) [], CommandNotFoundException
    + FullyQualifiedErrorId : CommandNotFoundException

PS C:\Users\aviral.anand\QA-Training> git –-version
git : The term 'git' is not recognized as the name of a cmdlet, function, script file, or operable program. Check the 
spelling of the name, or if a path was included, verify that the path is correct and try again.
At line:1 char:1
+ git –-version
+ ~~~
    + CategoryInfo          : ObjectNotFound: (git:String) [], CommandNotFoundException
    + FullyQualifiedErrorId : CommandNotFoundException
git : The term 'git' is not recognized as the name of a cmdlet, function, script file, or operable program. Check the spelling of
the name, or if a path was included, verify that the path is correct and try again.
At line:1 char:1
+ git –-version
+ ~~~
    + CategoryInfo          : ObjectNotFound: (git:String) [], CommandNotFoundException
    + FullyQualifiedErrorId : CommandNotFoundException

PS C:\Users\aviral.anand\QA-Training>  git –-version
git : The term 'git' is not recognized as the name of a cmdlet, function, script file, or operable program. Check the 
spelling of the name, or if a path was included, verify that the path is correct and try again.
At line:1 char:2
+  git –-version
+  ~~~
    + CategoryInfo          : ObjectNotFound: (git:String) [], CommandNotFoundException
    + FullyQualifiedErrorId : CommandNotFoundException
git : The term 'git' is not recognized as the name of a cmdlet, function, script file, or operable program. Check the spelling of
the name, or if a path was included, verify that the path is correct and try again.
At line:1 char:2
+  git –-version
+  ~~~
    + CategoryInfo          : ObjectNotFound: (git:String) [], CommandNotFoundException
    + FullyQualifiedErrorId : CommandNotFoundException

**********************
Windows PowerShell transcript start
Start time: 20250421122533
Username: ASCENDION\aviral.anand
RunAs User: ASCENDION\aviral.anand
Configuration Name: 
Machine: ASCINLAP60896 (Microsoft Windows NT 10.0.22631.0)
Host Application: C:\Windows\System32\WindowsPowerShell\v1.0\powershell.exe
Process ID: 25052
PSVersion: 5.1.22621.4391
PSEdition: Desktop
PSCompatibleVersions: 1.0, 2.0, 3.0, 4.0, 5.0, 5.1.22621.4391
BuildVersion: 10.0.22621.4391
CLRVersion: 4.0.30319.42000
WSManStackVersion: 3.0
PSRemotingProtocolVersion: 2.3
SerializationVersion: 1.1.0.1
**********************
Transcript started, output file is Aviral.txt
PS C:\Users\aviral.anand> git clone https://github.com/sureshnanjan/cognixia042025.git
Cloning into 'cognixia042025'...
fatal: unable to access 'https://github.com/sureshnanjan/cognixia042025.git/': SSL certificate problem: unable to get lo
cal issuer certificate
PS C:\Users\aviral.anand> git config --global http.sslVerify false

PS C:\Users\aviral.anand> git clone https://github.com/sureshnanjan/cognixia042025.git
Cloning into 'cognixia042025'...
remote: Enumerating objects: 12, done.
remote: Counting objects: 100% (12/12), done.
remote: Compressing objects: 100% (11/11), done.
remote: Total 12 (delta 1), reused 8 (delta 0), pack-reused 0 (from 0)
Receiving objects: 100% (12/12), 675.25 KiB | 12.28 MiB/s, done.
Resolving deltas: 100% (1/1), done.
PS C:\Users\aviral.anand> git status
fatal: not a git repository (or any of the parent directories): .git
PS C:\Users\aviral.anand> set-location .\cognixia042025\
PS C:\Users\aviral.anand\cognixia042025> git status
On branch main
Your branch is up to date with 'origin/main'.

nothing to commit, working tree clean
PS C:\Users\aviral.anand\cognixia042025> git checkout -b Aviral-repository-branch
Switched to a new branch 'Aviral-repository-branch'
PS C:\Users\aviral.anand\cognixia042025> get status
get : The term 'get' is not recognized as the name of a cmdlet, function, script file, or operable program. Check the 
spelling of the name, or if a path was included, verify that the path is correct and try again.
At line:1 char:1
+ get status
+ ~~~
    + CategoryInfo          : ObjectNotFound: (get:String) [], CommandNotFoundException
    + FullyQualifiedErrorId : CommandNotFoundException
get : The term 'get' is not recognized as the name of a cmdlet, function, script file, or operable program. Check the spelling of
the name, or if a path was included, verify that the path is correct and try again.
At line:1 char:1
+ get status
+ ~~~
    + CategoryInfo          : ObjectNotFound: (get:String) [], CommandNotFoundException
    + FullyQualifiedErrorId : CommandNotFoundException

PS C:\Users\aviral.anand\cognixia042025> git status

PS C:\Users\aviral.anand\cognixia042025> Stop-Transcript
**********************
Windows PowerShell transcript end
End time: 20250421123427
**********************
