**********************
Windows PowerShell transcript start
Start time: 20250421122828
Username: ASCENDION\vaishnavi.sivakumar
RunAs User: ASCENDION\vaishnavi.sivakumar
Configuration Name: 
Machine: ASCINLAP60975 (Microsoft Windows NT 10.0.22631.0)
Host Application: C:\Windows\System32\WindowsPowerShell\v1.0\powershell.exe
Process ID: 4876
PSVersion: 5.1.22621.4391
PSEdition: Desktop
PSCompatibleVersions: 1.0, 2.0, 3.0, 4.0, 5.0, 5.1.22621.4391
BuildVersion: 10.0.22621.4391
CLRVersion: 4.0.30319.42000
WSManStackVersion: 3.0
PSRemotingProtocolVersion: 2.3
SerializationVersion: 1.1.0.1
**********************
Transcript started, output file is vaishnavi.txt
PS C:\Users\vaishnavi.sivakumar> git clone https://github.com/sureshnanjan/cognixia042025.git
Cloning into 'cognixia042025'...
fatal: unable to access 'https://github.com/sureshnanjan/cognixia042025.git/': SSL peer certificate or SSH remote key wa
s not OK
PS C:\Users\vaishnavi.sivakumar> git config --global http.sslVerify false

PS C:\Users\vaishnavi.sivakumar> git clone https://github.com/sureshnanjan/cognixia042025.git
Cloning into 'cognixia042025'...
remote: Enumerating objects: 12, done.
remote: Counting objects: 100% (12/12), done.
remote: Compressing objects: 100% (11/11), done.
remote: Total 12 (delta 1), reused 8 (delta 0), pack-reused 0 (from 0)
Receiving objects: 100% (12/12), 675.25 KiB | 9.65 MiB/s, done.
Resolving deltas: 100% (1/1), done.
PS C:\Users\vaishnavi.sivakumar> git status
fatal: not a git repository (or any of the parent directories): .git
PS C:\Users\vaishnavi.sivakumar> Set-Location cognixia042025
PS C:\Users\vaishnavi.sivakumar\cognixia042025> get status
get : The term 'get' is not recognized as the name of a cmdlet, function, script file, or operable program. Check the 
spelling of the name, or if a path was included, verify that the path is correct and try again.
At line:1 char:1
+ get status
+ ~~~
    + CategoryInfo          : ObjectNotFound: (get:String) [], CommandNotFoundException
    + FullyQualifiedErrorId : CommandNotFoundException
get : The term 'get' is not recognized as the name of a cmdlet, function, script file, or operable program. Check the spelling of
the name, or if a path was included, verify that the path is correct and try again.
At line:1 char:1
+ get status
+ ~~~
    + CategoryInfo          : ObjectNotFound: (get:String) [], CommandNotFoundException
    + FullyQualifiedErrorId : CommandNotFoundException

PS C:\Users\vaishnavi.sivakumar\cognixia042025> git

PS C:\Users\vaishnavi.sivakumar\cognixia042025> git status

PS C:\Users\vaishnavi.sivakumar\cognixia042025> Stop-Transcript
**********************
Windows PowerShell transcript end
End time: 20250421124445
**********************
