**********************
Windows PowerShell transcript start
<<<<<<< HEAD
Start time: 20250422174044
Username: ASCENDION\chakri.chalam
RunAs User: ASCENDION\chakri.chalam
Configuration Name: 
Machine: ASCINLAP61925 (Microsoft Windows NT 10.0.22631.0)
Host Application: C:\Windows\System32\WindowsPowerShell\v1.0\powershell.exe
Process ID: 13544
=======
Start time: 20250422105534
Username: ASCENDION\sachin.jha
RunAs User: ASCENDION\sachin.jha
Configuration Name: 
Machine: ASCINLAP60717 (Microsoft Windows NT 10.0.22631.0)
Host Application: C:\Windows\System32\WindowsPowerShell\v1.0\powershell.exe
Process ID: 24228
>>>>>>> cd0bdb92ece9ef7878dcb076b8ec2dd8ebf72e9c
PSVersion: 5.1.22621.4391
PSEdition: Desktop
PSCompatibleVersions: 1.0, 2.0, 3.0, 4.0, 5.0, 5.1.22621.4391
BuildVersion: 10.0.22621.4391
CLRVersion: 4.0.30319.42000
WSManStackVersion: 3.0
PSRemotingProtocolVersion: 2.3
SerializationVersion: 1.1.0.1
**********************
Transcript started, output file is task1.txt
<<<<<<< HEAD
PS C:\Users\chakri.chalam\cognixia042025\assignments> dir


    Directory: C:\Users\chakri.chalam\cognixia042025\assignments
=======
PS C:\Users\sachin.jha> New-Item -Path C:\ -Name 'Assignments' -ItemType Directory


    Directory: C:\
>>>>>>> cd0bdb92ece9ef7878dcb076b8ec2dd8ebf72e9c


Mode                 LastWriteTime         Length Name
----                 -------------         ------ ----
<<<<<<< HEAD
-a----         4/22/2025   5:04 PM            378 21-April.txt
-a----         4/22/2025   5:04 PM            262 22-April.txt
-a----         4/22/2025   5:40 PM              0 task1.txt
-a----         4/22/2025   5:38 PM         175183 task2.txt


PS C:\Users\chakri.chalam\cognixia042025\assignments> date

Tuesday, April 22, 2025 5:41:08 PM


PS C:\Users\chakri.chalam\cognixia042025\assignments> hostname

PS C:\Users\chakri.chalam\cognixia042025\assignments> ping google.com

PS C:\Users\chakri.chalam\cognixia042025\assignments> mkdir chakri


    Directory: C:\Users\chakri.chalam\cognixia042025\assignments
=======
d-----        22-04-2025     10:57                Assignments


PS C:\Users\sachin.jha> Set-Location C:\Assignments
PS C:\Assignments> git clone https://github.com/sureshnanjan/cognixia042025.git
Cloning into 'cognixia042025'...
remote: Enumerating objects: 222, done.
remote: Counting objects: 100% (145/145), done.
remote: Compressing objects: 100% (114/114), done.
remote: Total 222 (delta 61), reused 101 (delta 27), pack-reused 77 (from 1)
Receiving objects: 100% (222/222), 804.31 KiB | 1.93 MiB/s, done.
Resolving deltas: 100% (76/76), done.
PS C:\Assignments> Set-Location cognixia042025
PS C:\Assignments\cognixia042025> dir C:\Assignments\cognixia042025


    Directory: C:\Assignments\cognixia042025
>>>>>>> cd0bdb92ece9ef7878dcb076b8ec2dd8ebf72e9c


Mode                 LastWriteTime         Length Name
----                 -------------         ------ ----
<<<<<<< HEAD
d-----         4/22/2025   5:42 PM                chakri


PS C:\Users\chakri.chalam\cognixia042025\assignments> rmdir chakri
PS C:\Users\chakri.chalam\cognixia042025\assignments> stop-transcprit
stop-transcprit : The term 'stop-transcprit' is not recognized as the name of a cmdlet, function, script file, or 
operable program. Check the spelling of the name, or if a path was included, verify that the path is correct and try 
again.
At line:1 char:1
+ stop-transcprit
+ ~~~~~~~~~~~~~~~
    + CategoryInfo          : ObjectNotFound: (stop-transcprit:String) [], CommandNotFoundException
    + FullyQualifiedErrorId : CommandNotFoundException
stop-transcprit : The term 'stop-transcprit' is not recognized as the name of a cmdlet, function, script file, or operable program.
Check the spelling of the name, or if a path was included, verify that the path is correct and try again.
At line:1 char:1
+ stop-transcprit
+ ~~~~~~~~~~~~~~~
    + CategoryInfo          : ObjectNotFound: (stop-transcprit:String) [], CommandNotFoundException
    + FullyQualifiedErrorId : CommandNotFoundException

PS C:\Users\chakri.chalam\cognixia042025\assignments> stop-transcript
**********************
Windows PowerShell transcript end
End time: 20250422174341
=======
d-----        22-04-2025     11:05                assignments
-a----        22-04-2025     11:05            177 Learning_Links.txt
-a----        22-04-2025     11:05             66 README.md
-a----        22-04-2025     11:05           2793 vaishnavi.txt


PS C:\Assignments\cognixia042025> dir C:\Assignments\cognixia042025\assignments


    Directory: C:\Assignments\cognixia042025\assignments


Mode                 LastWriteTime         Length Name
----                 -------------         ------ ----
-a----        22-04-2025     11:05            378 21-April.txt


PS C:\Assignments\cognixia042025> cd C:\Assignments\cognixia042025\assignments
PS C:\Assignments\cognixia042025\assignments> mkdir sample


    Directory: C:\Assignments\cognixia042025\assignments


Mode                 LastWriteTime         Length Name
----                 -------------         ------ ----
d-----        22-04-2025     11:11                sample


PS C:\Assignments\cognixia042025\assignments> del sample
PS C:\Assignments\cognixia042025\assignments> Stop-Transcript
**********************
Windows PowerShell transcript end
End time: 20250422111143
>>>>>>> cd0bdb92ece9ef7878dcb076b8ec2dd8ebf72e9c
**********************
