**********************
Windows PowerShell transcript start
Start time: 20250422104917
Username: ASCENDION\mathumithaa.p
RunAs User: ASCENDION\mathumithaa.p
Configuration Name: 
Machine: ASCINLAP61689 (Microsoft Windows NT 10.0.22631.0)
Host Application: C:\Windows\System32\WindowsPowerShell\v1.0\powershell.exe
Process ID: 22064
PSVersion: 5.1.22621.4391
PSEdition: Desktop
PSCompatibleVersions: 1.0, 2.0, 3.0, 4.0, 5.0, 5.1.22621.4391
BuildVersion: 10.0.22621.4391
CLRVersion: 4.0.30319.42000
WSManStackVersion: 3.0
PSRemotingProtocolVersion: 2.3
SerializationVersion: 1.1.0.1
**********************
Transcript started, output file is task-2.txt
PS C:\Users\mathumithaa.p\QA-Training\cognixia042025\assignments> $PSVersionTable

Name                           Value
----                           -----
PSVersion                      5.1.22621.4391
PSEdition                      Desktop
PSCompatibleVersions           {1.0, 2.0, 3.0, 4.0...}
BuildVersion                   10.0.22621.4391
CLRVersion                     4.0.30319.42000
WSManStackVersion              3.0
PSRemotingProtocolVersion      2.3
SerializationVersion           1.1.0.1


PS C:\Users\mathumithaa.p\QA-Training\cognixia042025\assignments> $PSVersionTable.PSVersion

Major  Minor  Build  Revision
-----  -----  -----  --------
5      1      22621  4391


PS C:\Users\mathumithaa.p\QA-Training\cognixia042025\assignments> Get-Command -Noun alias*

CommandType     Name                                               Version    Source
-----------     ----                                               -------    ------
Cmdlet          Export-Alias                                       3.1.0.0    Microsoft.PowerShell.Utility
Cmdlet          Get-Alias                                          3.1.0.0    Microsoft.PowerShell.Utility
Cmdlet          Import-Alias                                       3.1.0.0    Microsoft.PowerShell.Utility
Cmdlet          New-Alias                                          3.1.0.0    Microsoft.PowerShell.Utility
Cmdlet          Set-Alias                                          3.1.0.0    Microsoft.PowerShell.Utility


PS C:\Users\mathumithaa.p\QA-Training\cognixia042025\assignments> Get-Command -Verb Get -Noun alias*

CommandType     Name                                               Version    Source
-----------     ----                                               -------    ------
Cmdlet          Get-Alias                                          3.1.0.0    Microsoft.PowerShell.Utility


PS C:\Users\mathumithaa.p\QA-Training\cognixia042025\assignments> Get-Command -Noun File*

CommandType     Name                                               Version    Source
-----------     ----                                               -------    ------
Alias           Write-FileSystemCache                              2.0.0.0    Storage
Alias           Write-FileSystemCache                              1.0.0.0    VMDirectStorage
Function        Block-FileShareAccess                              2.0.0.0    Storage
Function        Clear-FileStorageTier                              2.0.0.0    Storage
Function        Debug-FileShare                                    2.0.0.0    Storage
Function        Get-FileHash                                       3.1.0.0    Microsoft.PowerShell.Utility
Function        Get-FileIntegrity                                  2.0.0.0    Storage
Function        Get-FileShare                                      2.0.0.0    Storage
Function        Get-FileShareAccessControlEntry                    2.0.0.0    Storage
Function        Get-FileStorageTier                                2.0.0.0    Storage
Function        Grant-FileShareAccess                              2.0.0.0    Storage
Function        New-FileShare                                      2.0.0.0    Storage
Function        Remove-FileShare                                   2.0.0.0    Storage
Function        Repair-FileIntegrity                               2.0.0.0    Storage
Function        Revoke-FileShareAccess                             2.0.0.0    Storage
Function        Set-FileIntegrity                                  2.0.0.0    Storage
Function        Set-FileShare                                      2.0.0.0    Storage
Function        Set-FileStorageTier                                2.0.0.0    Storage
Function        Unblock-FileShareAccess                            2.0.0.0    Storage
Cmdlet          New-FileCatalog                                    3.0.0.0    Microsoft.PowerShell.Security
Cmdlet          Out-File                                           3.1.0.0    Microsoft.PowerShell.Utility
Cmdlet          Test-FileCatalog                                   3.0.0.0    Microsoft.PowerShell.Security
Cmdlet          Unblock-File                                       3.1.0.0    Microsoft.PowerShell.Utility


PS C:\Users\mathumithaa.p\QA-Training\cognixia042025\assignments> CommandType     Name                                               Version    Source
CommandType : The term 'CommandType' is not recognized as the name of a cmdlet, function, script file, or operable 
program. Check the spelling of the name, or if a path was included, verify that the path is correct and try again.
At line:1 char:1
+ CommandType     Name                                               Ve ...
+ ~~~~~~~~~~~
    + CategoryInfo          : ObjectNotFound: (CommandType:String) [], CommandNotFoundException
    + FullyQualifiedErrorId : CommandNotFoundException
CommandType : The term 'CommandType' is not recognized as the name of a cmdlet, function, script file, or operable
program. Check the spelling of the name, or if a path was included, verify that the path is correct and try again.
At line:1 char:1
+ CommandType     Name                                               Ve ...
+ ~~~~~~~~~~~
    + CategoryInfo          : ObjectNotFound: (CommandType:String) [], CommandNotFoundException
    + FullyQualifiedErrorId : CommandNotFoundException

PS C:\Users\mathumithaa.p\QA-Training\cognixia042025\assignments> -----------     ----                                               -------    ------
Cmdlet          Get-FileHash                                       7.0.0.0    Microsoft.PowerShell.Utility
At line:1 char:85
+ ...  ----                                               -------    ------
+                                                                          ~
Missing expression after unary operator '--'.

At line:2 char:1
+ Cmdlet          Get-FileHash                                       7. ...
+ ~~~~~~
Unexpected token 'Cmdlet' in expression or statement.

At line:1 char:3
+ -----------     ----                                               -- ...
+   ~~~~~~~~~~~~~~~~~~~~~~~~~~~~~~~~~~~~~~~~~~~~~~~~~~~~~~~~~~~~~~~~~~~
The '--' operator works only on variables or on properties.

At line:1 char:5
+ -----------     ----                                               -- ...
+     ~~~~~~~~~~~~~~~~~~~~~~~~~~~~~~~~~~~~~~~~~~~~~~~~~~~~~~~~~~~~~~~~~
The '--' operator works only on variables or on properties.

At line:1 char:7
+ -----------     ----                                               -- ...
+       ~~~~~~~~~~~~~~~~~~~~~~~~~~~~~~~~~~~~~~~~~~~~~~~~~~~~~~~~~~~~~~~
The '--' operator works only on variables or on properties.

At line:1 char:9
+ -----------     ----                                               -- ...
+         ~~~~~~~~~~~~~~~~~~~~~~~~~~~~~~~~~~~~~~~~~~~~~~~~~~~~~~~~~~~~~
The '--' operator works only on variables or on properties.

At line:1 char:11
+ -----------     ----                                               -- ...
+           ~~~~~~~~~~~~~~~~~~~~~~~~~~~~~~~~~~~~~~~~~~~~~~~~~~~~~~~~~~~
The '--' operator works only on variables or on properties.

At line:1 char:19
+ ... -----     ----                                               -------  ...
+                 ~~~~~~~~~~~~~~~~~~~~~~~~~~~~~~~~~~~~~~~~~~~~~~~~~~~~~~~~~
The '--' operator works only on variables or on properties.

At line:1 char:68
+ ...  ----                                               -------    ------
+                                                         ~~~~~~~~~~~~~~~~~
The '--' operator works only on variables or on properties.

At line:1 char:70
+ ...  ----                                               -------    ------
+                                                           ~~~~~~~~~~~~~~~
The '--' operator works only on variables or on properties.

Not all parse errors were reported.  Correct the reported errors and try again.
At line:1 char:85
+ ...  ----                                               -------    ------
+                                                                          ~
Missing expression after unary operator '--'.

At line:2 char:1
+ Cmdlet          Get-FileHash                                       7. ...
+ ~~~~~~
Unexpected token 'Cmdlet' in expression or statement.

At line:1 char:3
+ -----------     ----                                               -- ...
+   ~~~~~~~~~~~~~~~~~~~~~~~~~~~~~~~~~~~~~~~~~~~~~~~~~~~~~~~~~~~~~~~~~~~
The '--' operator works only on variables or on properties.

At line:1 char:5
+ -----------     ----                                               -- ...
+     ~~~~~~~~~~~~~~~~~~~~~~~~~~~~~~~~~~~~~~~~~~~~~~~~~~~~~~~~~~~~~~~~~
The '--' operator works only on variables or on properties.

At line:1 char:7
+ -----------     ----                                               -- ...
+       ~~~~~~~~~~~~~~~~~~~~~~~~~~~~~~~~~~~~~~~~~~~~~~~~~~~~~~~~~~~~~~~
The '--' operator works only on variables or on properties.

At line:1 char:9
+ -----------     ----                                               -- ...
+         ~~~~~~~~~~~~~~~~~~~~~~~~~~~~~~~~~~~~~~~~~~~~~~~~~~~~~~~~~~~~~
The '--' operator works only on variables or on properties.

At line:1 char:11
+ -----------     ----                                               -- ...
+           ~~~~~~~~~~~~~~~~~~~~~~~~~~~~~~~~~~~~~~~~~~~~~~~~~~~~~~~~~~~
The '--' operator works only on variables or on properties.

At line:1 char:19
+ ... -----     ----                                               -------  ...
+                 ~~~~~~~~~~~~~~~~~~~~~~~~~~~~~~~~~~~~~~~~~~~~~~~~~~~~~~~~~
The '--' operator works only on variables or on properties.

At line:1 char:68
+ ...  ----                                               -------    ------
+                                                         ~~~~~~~~~~~~~~~~~
The '--' operator works only on variables or on properties.

At line:1 char:70
+ ...  ----                                               -------    ------
+                                                           ~~~~~~~~~~~~~~~
The '--' operator works only on variables or on properties.

Not all parse errors were reported.  Correct the reported errors and try again.
    + CategoryInfo          : ParserError: (:) [], ParentContainsErrorRecordException
    + FullyQualifiedErrorId : MissingExpressionAfterOperator

PS C:\Users\mathumithaa.p\QA-Training\cognixia042025\assignments> Cmdlet          Out-File                                           7.0.0.0    Microsoft.PowerShell.Utility
Cmdlet : The term 'Cmdlet' is not recognized as the name of a cmdlet, function, script file, or operable program. Check 
the spelling of the name, or if a path was included, verify that the path is correct and try again.
At line:1 char:1
+ Cmdlet          Out-File                                           7. ...
+ ~~~~~~
    + CategoryInfo          : ObjectNotFound: (Cmdlet:String) [], CommandNotFoundException
    + FullyQualifiedErrorId : CommandNotFoundException
Cmdlet : The term 'Cmdlet' is not recognized as the name of a cmdlet, function, script file, or operable program.
Check the spelling of the name, or if a path was included, verify that the path is correct and try again.
At line:1 char:1
+ Cmdlet          Out-File                                           7. ...
+ ~~~~~~
    + CategoryInfo          : ObjectNotFound: (Cmdlet:String) [], CommandNotFoundException
    + FullyQualifiedErrorId : CommandNotFoundException

PS C:\Users\mathumithaa.p\QA-Training\cognixia042025\assignments> Cmdlet          Unblock-File                                       7.0.0.0    Microsoft.PowerShell.Utility
Cmdlet : The term 'Cmdlet' is not recognized as the name of a cmdlet, function, script file, or operable program. Check 
the spelling of the name, or if a path was included, verify that the path is correct and try again.
At line:1 char:1
+ Cmdlet          Unblock-File                                       7. ...
+ ~~~~~~
    + CategoryInfo          : ObjectNotFound: (Cmdlet:String) [], CommandNotFoundException
    + FullyQualifiedErrorId : CommandNotFoundException
Cmdlet : The term 'Cmdlet' is not recognized as the name of a cmdlet, function, script file, or operable program. Check the
spelling of the name, or if a path was included, verify that the path is correct and try again.
At line:1 char:1
+ Cmdlet          Unblock-File                                       7. ...
+ ~~~~~~
    + CategoryInfo          : ObjectNotFound: (Cmdlet:String) [], CommandNotFoundException
    + FullyQualifiedErrorId : CommandNotFoundException

PS C:\Users\mathumithaa.p\QA-Training\cognixia042025\assignments> Get-Command -Noun File*

CommandType     Name                                               Version    Source
-----------     ----                                               -------    ------
Alias           Write-FileSystemCache                              2.0.0.0    Storage
Alias           Write-FileSystemCache                              1.0.0.0    VMDirectStorage
Function        Block-FileShareAccess                              2.0.0.0    Storage
Function        Clear-FileStorageTier                              2.0.0.0    Storage
Function        Debug-FileShare                                    2.0.0.0    Storage
Function        Get-FileHash                                       3.1.0.0    Microsoft.PowerShell.Utility
Function        Get-FileIntegrity                                  2.0.0.0    Storage
Function        Get-FileShare                                      2.0.0.0    Storage
Function        Get-FileShareAccessControlEntry                    2.0.0.0    Storage
Function        Get-FileStorageTier                                2.0.0.0    Storage
Function        Grant-FileShareAccess                              2.0.0.0    Storage
Function        New-FileShare                                      2.0.0.0    Storage
Function        Remove-FileShare                                   2.0.0.0    Storage
Function        Repair-FileIntegrity                               2.0.0.0    Storage
Function        Revoke-FileShareAccess                             2.0.0.0    Storage
Function        Set-FileIntegrity                                  2.0.0.0    Storage
Function        Set-FileShare                                      2.0.0.0    Storage
Function        Set-FileStorageTier                                2.0.0.0    Storage
Function        Unblock-FileShareAccess                            2.0.0.0    Storage
Cmdlet          New-FileCatalog                                    3.0.0.0    Microsoft.PowerShell.Security
Cmdlet          Out-File                                           3.1.0.0    Microsoft.PowerShell.Utility
Cmdlet          Test-FileCatalog                                   3.0.0.0    Microsoft.PowerShell.Security
Cmdlet          Unblock-File                                       3.1.0.0    Microsoft.PowerShell.Utility


PS C:\Users\mathumithaa.p\QA-Training\cognixia042025\assignments> Get-Command -Verb Get -Noun File*

CommandType     Name                                               Version    Source
-----------     ----                                               -------    ------
Function        Get-FileHash                                       3.1.0.0    Microsoft.PowerShell.Utility
Function        Get-FileIntegrity                                  2.0.0.0    Storage
Function        Get-FileShare                                      2.0.0.0    Storage
Function        Get-FileShareAccessControlEntry                    2.0.0.0    Storage
Function        Get-FileStorageTier                                2.0.0.0    Storage


PS C:\Users\mathumithaa.p\QA-Training\cognixia042025\assignments> git status

PS C:\Users\mathumithaa.p\QA-Training\cognixia042025\assignments> git commit -m "task-2.txt"

PS C:\Users\mathumithaa.p\QA-Training\cognixia042025\assignments> git push origin Mathumithaa-branch

PS C:\Users\mathumithaa.p\QA-Training\cognixia042025\assignments> Stop-Transcript
**********************
Windows PowerShell transcript end
End time: 20250422105413
**********************
